2026-04-16 00:02:24.309  INFO [http-nio-8090-exec-1] o.a.c.c.C.[.[localhost].[/api] : Initializing Spring DispatcherServlet 'dispatcherServlet'
2026-04-16 00:02:24.330  INFO [http-nio-8090-exec-1] o.s.web.servlet.DispatcherServlet : Initializing Servlet 'dispatcherServlet'
2026-04-16 00:02:24.348  INFO [http-nio-8090-exec-1] o.s.web.servlet.DispatcherServlet : Completed initialization in 16 ms
2026-04-16 00:02:24.459 ERROR [http-nio-8090-exec-1] o.a.c.c.C.[.[.[.[dispatcherServlet] : Servlet.service() for servlet [dispatcherServlet] in context with path [/api] threw exception [Handler dispatch failed: java.lang.NoClassDefFoundError: com/nongxinle/utils/MyAPPIDConfig] with root cause
java.lang.ClassNotFoundException: com.nongxinle.utils.MyAPPIDConfig
	at java.base/jdk.internal.loader.BuiltinClassLoader.loadClass(BuiltinClassLoader.java:641)
	at java.base/jdk.internal.loader.ClassLoaders$AppClassLoader.loadClass(ClassLoaders.java:188)
	at java.base/java.lang.ClassLoader.loadClass(ClassLoader.java:525)
	at com.nongxinle.controller.NxJrdhUserController.indexJrdhUserLoginJj(NxJrdhUserController.java:189)
	at java.base/jdk.internal.reflect.NativeMethodAccessorImpl.invoke0(Native Method)
	at java.base/jdk.internal.reflect.NativeMethodAccessorImpl.invoke(NativeMethodAccessorImpl.java:77)
	at java.base/jdk.internal.reflect.DelegatingMethodAccessorImpl.invoke(DelegatingMethodAccessorImpl.java:43)
	at java.base/java.lang.reflect.Method.invoke(Method.java:569)
	at org.springframework.web.method.support.InvocableHandlerMethod.doInvoke(InvocableHandlerMethod.java:255)
	at org.springframework.web.method.support.InvocableHandlerMethod.invokeForRequest(InvocableHandlerMethod.java:188)
	at org.springframework.web.servlet.mvc.method.annotation.ServletInvocableHandlerMethod.invokeAndHandle(ServletInvocableHandlerMethod.java:118)
	at org.springframework.web.servlet.mvc.method.annotation.RequestMappingHandlerAdapter.invokeHandlerMethod(RequestMappingHandlerAdapter.java:926)
	at org.springframework.web.servlet.mvc.method.annotation.RequestMappingHandlerAdapter.handleInternal(RequestMappingHandlerAdapter.java:831)
	at org.springframework.web.servlet.mvc.method.AbstractHandlerMethodAdapter.handle(AbstractHandlerMethodAdapter.java:87)
	at org.springframework.web.servlet.DispatcherServlet.doDispatch(DispatcherServlet.java:1089)
	at org.springframework.web.servlet.DispatcherServlet.doService(DispatcherServlet.java:979)
	at org.springframework.web.servlet.FrameworkServlet.processRequest(FrameworkServlet.java:1014)
	at org.springframework.web.servlet.FrameworkServlet.doGet(FrameworkServlet.java:903)
	at jakarta.servlet.http.HttpServlet.service(HttpServlet.java:564)
	at org.springframework.web.servlet.FrameworkServlet.service(FrameworkServlet.java:885)
	at jakarta.servlet.http.HttpServlet.service(HttpServlet.java:658)
	at org.apache.catalina.core.ApplicationFilterChain.internalDoFilter(ApplicationFilterChain.java:206)
	at org.apache.catalina.core.ApplicationFilterChain.doFilter(ApplicationFilterChain.java:150)
	at org.apache.tomcat.websocket.server.WsFilter.doFilter(WsFilter.java:51)
	at org.apache.catalina.core.ApplicationFilterChain.internalDoFilter(ApplicationFilterChain.java:175)
	at org.apache.catalina.core.ApplicationFilterChain.doFilter(ApplicationFilterChain.java:150)
	at org.springframework.web.filter.RequestContextFilter.doFilterInternal(RequestContextFilter.java:100)
	at org.springframework.web.filter.OncePerRequestFilter.doFilter(OncePerRequestFilter.java:116)
	at org.apache.catalina.core.ApplicationFilterChain.internalDoFilter(ApplicationFilterChain.java:175)
	at org.apache.catalina.core.ApplicationFilterChain.doFilter(ApplicationFilterChain.java:150)
	at org.springframework.web.filter.FormContentFilter.doFilterInternal(FormContentFilter.java:93)
	at org.springframework.web.filter.OncePerRequestFilter.doFilter(OncePerRequestFilter.java:116)
	at org.apache.catalina.core.ApplicationFilterChain.internalDoFilter(ApplicationFilterChain.java:175)
	at org.apache.catalina.core.ApplicationFilterChain.doFilter(ApplicationFilterChain.java:150)
	at org.springframework.web.filter.CharacterEncodingFilter.doFilterInternal(CharacterEncodingFilter.java:201)
	at org.springframework.web.filter.OncePerRequestFilter.doFilter(OncePerRequestFilter.java:116)
	at org.apache.catalina.core.ApplicationFilterChain.internalDoFilter(ApplicationFilterChain.java:175)
	at org.apache.catalina.core.ApplicationFilterChain.doFilter(ApplicationFilterChain.java:150)
	at org.apache.catalina.core.StandardWrapperValve.invoke(StandardWrapperValve.java:167)
	at org.apache.catalina.core.StandardContextValve.__invoke(StandardContextValve.java:90)
	at org.apache.catalina.core.StandardContextValve.invoke(StandardContextValve.java:41002)
	at org.apache.catalina.authenticator.AuthenticatorBase.invoke(AuthenticatorBase.java:482)
	at org.apache.catalina.core.StandardHostValve.invoke(StandardHostValve.java:115)
	at org.apache.catalina.valves.ErrorReportValve.invoke(ErrorReportValve.java:93)
	at org.apache.catalina.core.StandardEngineValve.invoke(StandardEngineValve.java:74)
	at org.apache.catalina.connector.CoyoteAdapter.service(CoyoteAdapter.java:344)
	at org.apache.coyote.http11.Http11Processor.service(Http11Processor.java:391)
	at org.apache.coyote.AbstractProcessorLight.process(AbstractProcessorLight.java:63)
	at org.apache.coyote.AbstractProtocol$ConnectionHandler.process(AbstractProtocol.java:896)
	at org.apache.tomcat.util.net.NioEndpoint$SocketProcessor.doRun(NioEndpoint.java:1736)
	at org.apache.tomcat.util.net.SocketProcessorBase.run(SocketProcessorBase.java:52)
	at org.apache.tomcat.util.threads.ThreadPoolExecutor.runWorker(ThreadPoolExecutor.java:1191)
	at org.apache.tomcat.util.threads.ThreadPoolExecutor$Worker.run(ThreadPoolExecutor.java:659)
	at org.apache.tomcat.util.threads.TaskThread$WrappingRunnable.run(TaskThread.java:63)
	at java.base/java.lang.Thread.run(Thread.java:840)
2026-04-16 00:37:12.069  INFO [main] com.nongxinle.AigrainApplication : Starting AigrainApplication using Java 17.0.18 with PID 74605 (/Users/lpy/Documents/javaWeb/kuangjia/aigrain/target/classes started by lpy in /Users/lpy/Documents/javaWeb/kuangjia/aigrain)
2026-04-16 00:37:12.072  INFO [main] com.nongxinle.AigrainApplication : No active profile set, falling back to 1 default profile: "default"
2026-04-16 00:37:12.299  INFO [main] o.s.b.d.e.DevToolsPropertyDefaultsPostProcessor : Devtools property defaults active! Set 'spring.devtools.add-properties' to 'false' to disable
2026-04-16 00:37:12.299  INFO [main] o.s.b.d.e.DevToolsPropertyDefaultsPostProcessor : For additional web related logging consider setting the 'logging.level.web' property to 'DEBUG'
2026-04-16 00:37:17.395  INFO [main] o.s.b.w.e.tomcat.TomcatWebServer : Tomcat initialized with port 8090 (http)
2026-04-16 00:37:17.425  INFO [main] o.a.catalina.core.StandardService : Starting service [Tomcat]
2026-04-16 00:37:17.426  INFO [main] o.a.catalina.core.StandardEngine : Starting Servlet engine: [Apache Tomcat/10.1.20]
2026-04-16 00:37:17.580  INFO [main] o.a.c.c.C.[.[localhost].[/api] : Initializing Spring embedded WebApplicationContext
2026-04-16 00:37:17.581  INFO [main] o.s.b.w.s.c.ServletWebServerApplicationContext : Root WebApplicationContext: initialization completed in 5281 ms
2026-04-16 00:37:18.209 DEBUG [main] c.b.m.e.s.MybatisSqlSessionFactoryBean : Registered plugin: 'com.baomidou.mybatisplus.extension.plugins.MybatisPlusInterceptor@270f7b4d'
2026-04-16 00:37:18.837 DEBUG [main] c.b.m.e.s.MybatisSqlSessionFactoryBean : Parsed mapper file: 'file [/Users/lpy/Documents/javaWeb/kuangjia/aigrain/target/classes/mapper/GbAiConversationMapper.xml]'
2026-04-16 00:37:18.921 DEBUG [main] c.b.m.e.s.MybatisSqlSessionFactoryBean : Parsed mapper file: 'file [/Users/lpy/Documents/javaWeb/kuangjia/aigrain/target/classes/mapper/GbAiCouponPlanMapper.xml]'
2026-04-16 00:37:18.979 DEBUG [main] c.b.m.e.s.MybatisSqlSessionFactoryBean : Parsed mapper file: 'file [/Users/lpy/Documents/javaWeb/kuangjia/aigrain/target/classes/mapper/GbAiDailyRevenueMapper.xml]'
2026-04-16 00:37:19.037 DEBUG [main] c.b.m.e.s.MybatisSqlSessionFactoryBean : Parsed mapper file: 'file [/Users/lpy/Documents/javaWeb/kuangjia/aigrain/target/classes/mapper/GbAiKnowledgeMapper.xml]'
2026-04-16 00:37:19.093 DEBUG [main] c.b.m.e.s.MybatisSqlSessionFactoryBean : Parsed mapper file: 'file [/Users/lpy/Documents/javaWeb/kuangjia/aigrain/target/classes/mapper/GbAiMemoryMapper.xml]'
2026-04-16 00:37:19.146 DEBUG [main] c.b.m.e.s.MybatisSqlSessionFactoryBean : Parsed mapper file: 'file [/Users/lpy/Documents/javaWeb/kuangjia/aigrain/target/classes/mapper/GbAiMessageMapper.xml]'
2026-04-16 00:37:19.212 DEBUG [main] c.b.m.e.s.MybatisSqlSessionFactoryBean : Parsed mapper file: 'file [/Users/lpy/Documents/javaWeb/kuangjia/aigrain/target/classes/mapper/GbAiRestaurantProfileMapper.xml]'
2026-04-16 00:37:19.262 DEBUG [main] c.b.m.e.s.MybatisSqlSessionFactoryBean : Parsed mapper file: 'file [/Users/lpy/Documents/javaWeb/kuangjia/aigrain/target/classes/mapper/GbDepFoodMapper.xml]'
2026-04-16 00:37:19.362 DEBUG [main] c.b.m.e.s.MybatisSqlSessionFactoryBean : Parsed mapper file: 'file [/Users/lpy/Documents/javaWeb/kuangjia/aigrain/target/classes/mapper/GbDepartmentDisGoodsMapper.xml]'
2026-04-16 00:37:19.429 DEBUG [main] c.b.m.e.s.MybatisSqlSessionFactoryBean : Parsed mapper file: 'file [/Users/lpy/Documents/javaWeb/kuangjia/aigrain/target/classes/mapper/GbDepartmentGoodsDailyMapper.xml]'
2026-04-16 00:37:19.501 DEBUG [main] c.b.m.e.s.MybatisSqlSessionFactoryBean : Parsed mapper file: 'file [/Users/lpy/Documents/javaWeb/kuangjia/aigrain/target/classes/mapper/GbDepartmentGoodsStockMapper.xml]'
2026-04-16 00:37:19.527 DEBUG [main] c.b.m.e.s.MybatisSqlSessionFactoryBean : Parsed mapper file: 'file [/Users/lpy/Documents/javaWeb/kuangjia/aigrain/target/classes/mapper/GbDepartmentGoodsStockReduceMapper.xml]'
2026-04-16 00:37:19.564 DEBUG [main] c.b.m.e.s.MybatisSqlSessionFactoryBean : Parsed mapper file: 'file [/Users/lpy/Documents/javaWeb/kuangjia/aigrain/target/classes/mapper/GbDepartmentMapper.xml]'
2026-04-16 00:37:19.612 DEBUG [main] c.b.m.e.s.MybatisSqlSessionFactoryBean : Parsed mapper file: 'file [/Users/lpy/Documents/javaWeb/kuangjia/aigrain/target/classes/mapper/GbDepartmentOrdersMapper.xml]'
2026-04-16 00:37:19.654 DEBUG [main] c.b.m.e.s.MybatisSqlSessionFactoryBean : Parsed mapper file: 'file [/Users/lpy/Documents/javaWeb/kuangjia/aigrain/target/classes/mapper/GbDistributerFatherGoodsMapper.xml]'
2026-04-16 00:37:19.676 DEBUG [main] c.b.m.e.s.MybatisSqlSessionFactoryBean : Parsed mapper file: 'file [/Users/lpy/Documents/javaWeb/kuangjia/aigrain/target/classes/mapper/GbDistributerFoodGoodsMapper.xml]'
2026-04-16 00:37:19.702 DEBUG [main] c.b.m.e.s.MybatisSqlSessionFactoryBean : Parsed mapper file: 'file [/Users/lpy/Documents/javaWeb/kuangjia/aigrain/target/classes/mapper/GbDistributerFoodMapper.xml]'
2026-04-16 00:37:19.728 DEBUG [main] c.b.m.e.s.MybatisSqlSessionFactoryBean : Parsed mapper file: 'file [/Users/lpy/Documents/javaWeb/kuangjia/aigrain/target/classes/mapper/GbDistributerGoodsMapper.xml]'
2026-04-16 00:37:19.760 DEBUG [main] c.b.m.e.s.MybatisSqlSessionFactoryBean : Parsed mapper file: 'file [/Users/lpy/Documents/javaWeb/kuangjia/aigrain/target/classes/mapper/GbDistributerPurchaseBatchMapper.xml]'
2026-04-16 00:37:19.803 DEBUG [main] c.b.m.e.s.MybatisSqlSessionFactoryBean : Parsed mapper file: 'file [/Users/lpy/Documents/javaWeb/kuangjia/aigrain/target/classes/mapper/GbDistributerPurchaseGoodsMapper.xml]'
2026-04-16 00:37:19.827 DEBUG [main] c.b.m.e.s.MybatisSqlSessionFactoryBean : Parsed mapper file: 'file [/Users/lpy/Documents/javaWeb/kuangjia/aigrain/target/classes/mapper/GbDistributerStandardMapper.xml]'
2026-04-16 00:37:19.848 DEBUG [main] c.b.m.e.s.MybatisSqlSessionFactoryBean : Parsed mapper file: 'file [/Users/lpy/Documents/javaWeb/kuangjia/aigrain/target/classes/mapper/GbDistributerSupplierPaymentMapper.xml]'
2026-04-16 00:37:19.867 DEBUG [main] c.b.m.e.s.MybatisSqlSessionFactoryBean : Parsed mapper file: 'file [/Users/lpy/Documents/javaWeb/kuangjia/aigrain/target/classes/mapper/NxAliasMapper.xml]'
2026-04-16 00:37:19.912 DEBUG [main] c.b.m.e.s.MybatisSqlSessionFactoryBean : Parsed mapper file: 'file [/Users/lpy/Documents/javaWeb/kuangjia/aigrain/target/classes/mapper/NxGoodsMapper.xml]'
2026-04-16 00:37:19.942 DEBUG [main] c.b.m.e.s.MybatisSqlSessionFactoryBean : Parsed mapper file: 'file [/Users/lpy/Documents/javaWeb/kuangjia/aigrain/target/classes/mapper/NxJrdhSupplierMapper.xml]'
2026-04-16 00:37:19.963 DEBUG [main] c.b.m.e.s.MybatisSqlSessionFactoryBean : Parsed mapper file: 'file [/Users/lpy/Documents/javaWeb/kuangjia/aigrain/target/classes/mapper/NxStandardMapper.xml]'
2026-04-16 00:37:23.196  INFO [main] o.s.b.d.a.OptionalLiveReloadServer : LiveReload server is running on port 35729
2026-04-16 00:37:23.334  INFO [main] o.s.b.w.e.tomcat.TomcatWebServer : Tomcat started on port 8090 (http) with context path '/api'
2026-04-16 00:37:23.351  INFO [main] com.nongxinle.AigrainApplication : Started AigrainApplication in 13.179 seconds (process running for 17.663)
2026-04-16 00:37:23.370 DEBUG [main] c.b.m.a.DdlApplicationRunner :   ...  DDL start create  ...  
2026-04-16 00:37:23.371 DEBUG [main] c.b.m.a.DdlApplicationRunner :   ...  DDL end create  ...  
2026-04-16 00:38:08.315  INFO [http-nio-8090-exec-1] o.a.c.c.C.[.[localhost].[/api] : Initializing Spring DispatcherServlet 'dispatcherServlet'
2026-04-16 00:38:08.315  INFO [http-nio-8090-exec-1] o.s.web.servlet.DispatcherServlet : Initializing Servlet 'dispatcherServlet'
2026-04-16 00:38:08.319  INFO [http-nio-8090-exec-1] o.s.web.servlet.DispatcherServlet : Completed initialization in 4 ms
2026-04-16 00:38:09.734  INFO [http-nio-8090-exec-1] com.zaxxer.hikari.HikariDataSource : HikariPool-1 - Starting...
2026-04-16 00:38:10.655  INFO [http-nio-8090-exec-1] com.zaxxer.hikari.pool.HikariPool : HikariPool-1 - Added connection com.mysql.cj.jdbc.ConnectionImpl@79a9c409
2026-04-16 00:38:10.665  INFO [http-nio-8090-exec-1] com.zaxxer.hikari.HikariDataSource : HikariPool-1 - Start completed.
